{"level":"DEBUG","ts":"2021-10-03T16:57:59.907+0800","msg":"Trying to hit GET request for www.google.com"}
{"level":"ERROR","ts":"2021-10-03T16:57:59.921+0800","msg":"Error fetching URL www.google.com : Error = Get \"www.google.com\": unsupported protocol scheme \"\""}
{"level":"DEBUG","ts":"2021-10-03T16:57:59.921+0800","msg":"Trying to hit GET request for http://www.google.com"}
{"level":"ERROR","ts":"2021-10-03T16:58:21.024+0800","msg":"Error fetching URL http://www.google.com : Error = Get \"http://www.google.com\": dial tcp 69.63.184.30:80: connectex: A connection attempt failed because the connected party did not properly respond after a period of time, or established connection failed because connected host has failed to respond."}
{"level":"INFO","ts":"2021-10-03T18:19:50.550+0800","msg":"/index{status 11 404  <nil>} {method 15 0 GET <nil>} {path 15 0 /index <nil>} {query 15 0  <nil>} {ip 15 0 127.0.0.1 <nil>} {user-agent 15 0 Mozilla/5.0 (Windows NT 10.0; Win64; x64) AppleWebKit/537.36 (KHTML, like Gecko) Chrome/93.0.4577.82 Safari/537.36 <nil>} {errors 15 0  <nil>} {cost 8 0  <nil>}"}
{"level":"INFO","ts":"2021-10-03T18:20:13.562+0800","msg":"/hello{status 11 200  <nil>} {method 15 0 GET <nil>} {path 15 0 /hello <nil>} {query 15 0  <nil>} {ip 15 0 127.0.0.1 <nil>} {user-agent 15 0 Mozilla/5.0 (Windows NT 10.0; Win64; x64) AppleWebKit/537.36 (KHTML, like Gecko) Chrome/93.0.4577.82 Safari/537.36 <nil>} {errors 15 0  <nil>} {cost 8 0  <nil>}"}
{"level":"INFO","ts":"2021-10-03T18:20:13.663+0800","msg":"/favicon.ico{status 11 404  <nil>} {method 15 0 GET <nil>} {path 15 0 /favicon.ico <nil>} {query 15 0  <nil>} {ip 15 0 127.0.0.1 <nil>} {user-agent 15 0 Mozilla/5.0 (Windows NT 10.0; Win64; x64) AppleWebKit/537.36 (KHTML, like Gecko) Chrome/93.0.4577.82 Safari/537.36 <nil>} {errors 15 0  <nil>} {cost 8 0  <nil>}"}
